To honour the JVM settings for this build a single-use Daemon process will be forked. For more on this, please refer to https://docs.gradle.org/8.9/userguide/gradle_daemon.html#sec:disabling_the_daemon in the Gradle documentation.
Daemon will be stopped at the end of the build 
WARNING: We recommend using a newer Android Gradle plugin to use compileSdk = 36

This Android Gradle plugin (8.6.1) was tested up to compileSdk = 35.

You are strongly encouraged to update your project to use a newer
Android Gradle plugin that has been tested with compileSdk = 36.

If you are already using the latest version of the Android Gradle plugin,
you may need to wait until a newer version with support for compileSdk = 36 is available.

For more information refer to the compatibility table:
https://d.android.com/r/tools/api-level-support

To suppress this warning, add/update
    android.suppressUnsupportedCompileSdk=36
to this project's gradle.properties.
> Task :app:preBuild UP-TO-DATE
> Task :app:preDebugBuild UP-TO-DATE
> Task :app:mergeDebugNativeDebugMetadata NO-SOURCE
> Task :app:checkKotlinGradlePluginConfigurationErrors SKIPPED
> Task :app:checkDebugAarMetadata UP-TO-DATE
> Task :app:generateDebugResValues UP-TO-DATE
> Task :app:mapDebugSourceSetPaths UP-TO-DATE
> Task :app:generateDebugResources UP-TO-DATE
> Task :app:mergeDebugResources UP-TO-DATE
> Task :app:packageDebugResources UP-TO-DATE
> Task :app:parseDebugLocalResources UP-TO-DATE
> Task :app:createDebugCompatibleScreenManifests UP-TO-DATE
> Task :app:extractDeepLinksDebug UP-TO-DATE
> Task :app:processDebugMainManifest UP-TO-DATE
> Task :app:processDebugManifest UP-TO-DATE
> Task :app:processDebugManifestForPackage UP-TO-DATE
> Task :app:processDebugResources UP-TO-DATE
> Task :app:javaPreCompileDebug UP-TO-DATE
> Task :app:mergeDebugShaders UP-TO-DATE
> Task :app:compileDebugShaders NO-SOURCE
> Task :app:generateDebugAssets UP-TO-DATE
> Task :app:mergeDebugAssets UP-TO-DATE
> Task :app:compressDebugAssets UP-TO-DATE
> Task :app:desugarDebugFileDependencies UP-TO-DATE
> Task :app:checkDebugDuplicateClasses UP-TO-DATE
> Task :app:mergeExtDexDebug UP-TO-DATE
> Task :app:mergeLibDexDebug UP-TO-DATE
> Task :app:mergeDebugJniLibFolders UP-TO-DATE
> Task :app:mergeDebugNativeLibs UP-TO-DATE
> Task :app:stripDebugDebugSymbols UP-TO-DATE
> Task :app:validateSigningDebug UP-TO-DATE
> Task :app:writeDebugAppMetadata UP-TO-DATE
> Task :app:writeDebugSigningConfigVersions UP-TO-DATE

> Task :app:compileDebugKotlin FAILED
./gradlew : e: file:///D:/File/Github/Texas-Hold-em-Chip-S
imulator/app/src/main/java/com/fushilaofang/texasholdemchi
psim/MainActivity.kt:818:66 Unresolved reference 'items'.
所在位置 行:1 字符: 1
+ ./gradlew assembleDebug --no-daemon 2>&1 | Tee-Object -F
ilePath .\bui ...
+ ~~~~~~~~~~~~~~~~~~~~~~~~~~~~~~~~~~~~~~~~
    + CategoryInfo          : NotSpecified: (e: file:///D 
   :/F...erence 'items'.:String) [], RemoteException
    + FullyQualifiedErrorId : NativeCommandError
 
e: file:///D:/File/Github/Texas-Hold-em-Chip-Simulator/app
/src/main/java/com/fushilaofang/texasholdemchipsim/MainAct
ivity.kt:818:97 Cannot infer type for this parameter. Plea
se specify it explicitly.
e: file:///D:/File/Github/Texas-Hold-em-Chip-Simulator/app
/src/main/java/com/fushilaofang/texasholdemchipsim/MainAct
ivity.kt:819:59 Unresolved reference 'requestId'.
e: file:///D:/File/Github/Texas-Hold-em-Chip-Simulator/app
/src/main/java/com/fushilaofang/texasholdemchipsim/MainAct
ivity.kt:820:37 @Composable invocations can only happen fr
om the context of a @Composable function
e: file:///D:/File/Github/Texas-Hold-em-Chip-Simulator/app
/src/main/java/com/fushilaofang/texasholdemchipsim/MainAct
ivity.kt:823:81 @Composable invocations can only happen fr
om the context of a @Composable function
e: file:///D:/File/Github/Texas-Hold-em-Chip-Simulator/app
/src/main/java/com/fushilaofang/texasholdemchipsim/MainAct
ivity.kt:825:63 @Composable invocations can only happen fr
om the context of a @Composable function
e: file:///D:/File/Github/Texas-Hold-em-Chip-Simulator/app
/src/main/java/com/fushilaofang/texasholdemchipsim/MainAct
ivity.kt:826:51 Unresolved reference 'playerName'.
e: file:///D:/File/Github/Texas-Hold-em-Chip-Simulator/app
/src/main/java/com/fushilaofang/texasholdemchipsim/MainAct
ivity.kt:1547:66 Unresolved reference 'items'.
e: file:///D:/File/Github/Texas-Hold-em-Chip-Simulator/app
/src/main/java/com/fushilaofang/texasholdemchipsim/MainAct
ivity.kt:1547:97 Cannot infer type for this parameter. Ple
ase specify it explicitly.
e: file:///D:/File/Github/Texas-Hold-em-Chip-Simulator/app
/src/main/java/com/fushilaofang/texasholdemchipsim/MainAct
ivity.kt:1548:59 Unresolved reference 'requestId'.
e: file:///D:/File/Github/Texas-Hold-em-Chip-Simulator/app
/src/main/java/com/fushilaofang/texasholdemchipsim/MainAct
ivity.kt:1549:37 @Composable invocations can only happen f
rom the context of a @Composable function
e: file:///D:/File/Github/Texas-Hold-em-Chip-Simulator/app
/src/main/java/com/fushilaofang/texasholdemchipsim/MainAct
ivity.kt:1552:81 @Composable invocations can only happen f
rom the context of a @Composable function
e: file:///D:/File/Github/Texas-Hold-em-Chip-Simulator/app
/src/main/java/com/fushilaofang/texasholdemchipsim/MainAct
ivity.kt:1554:63 @Composable invocations can only happen f
rom the context of a @Composable function
e: file:///D:/File/Github/Texas-Hold-em-Chip-Simulator/app
/src/main/java/com/fushilaofang/texasholdemchipsim/MainAct
ivity.kt:1555:51 Unresolved reference 'playerName'.

FAILURE: Build failed with an exception.

* What went wrong:
Execution failed for task ':app:compileDebugKotlin'.
> A failure occurred while executing org.jetbrains.kotlin.
compilerRunner.GradleCompilerRunnerWithWorkers$GradleKotli
nCompilerWorkAction
   > Compilation error. See log for more details

* Try:
> Run with --stacktrace option to get the stack trace.
> Run with --info or --debug option to get more log output
.
> Run with --scan to get full insights.
> Get more help at https://help.gradle.org.

BUILD FAILED in 11s
28 actionable tasks: 1 executed, 27 up-to-date
